Archive member included because of file (symbol)

c:/program files (x86)/atmel/atmel toolchain/avr8 gcc/native/3.4.1056/avr8-gnu-toolchain/bin/../lib/gcc/avr/4.8.1/../../../../avr/lib/avr5\libm.a(addsf3.o)
                              matrix.o (__subsf3)
c:/program files (x86)/atmel/atmel toolchain/avr8 gcc/native/3.4.1056/avr8-gnu-toolchain/bin/../lib/gcc/avr/4.8.1/../../../../avr/lib/avr5\libm.a(addsf3x.o)
                              c:/program files (x86)/atmel/atmel toolchain/avr8 gcc/native/3.4.1056/avr8-gnu-toolchain/bin/../lib/gcc/avr/4.8.1/../../../../avr/lib/avr5\libm.a(addsf3.o) (__addsf3x)
c:/program files (x86)/atmel/atmel toolchain/avr8 gcc/native/3.4.1056/avr8-gnu-toolchain/bin/../lib/gcc/avr/4.8.1/../../../../avr/lib/avr5\libm.a(atan2.o)
                              Robopuff.o (atan2)
c:/program files (x86)/atmel/atmel toolchain/avr8 gcc/native/3.4.1056/avr8-gnu-toolchain/bin/../lib/gcc/avr/4.8.1/../../../../avr/lib/avr5\libm.a(atan.o)
                              c:/program files (x86)/atmel/atmel toolchain/avr8 gcc/native/3.4.1056/avr8-gnu-toolchain/bin/../lib/gcc/avr/4.8.1/../../../../avr/lib/avr5\libm.a(atan2.o) (atan)
c:/program files (x86)/atmel/atmel toolchain/avr8 gcc/native/3.4.1056/avr8-gnu-toolchain/bin/../lib/gcc/avr/4.8.1/../../../../avr/lib/avr5\libm.a(cmpsf2.o)
                              math_util.o (__eqsf2)
c:/program files (x86)/atmel/atmel toolchain/avr8 gcc/native/3.4.1056/avr8-gnu-toolchain/bin/../lib/gcc/avr/4.8.1/../../../../avr/lib/avr5\libm.a(cos.o)
                              Robopuff.o (cos)
c:/program files (x86)/atmel/atmel toolchain/avr8 gcc/native/3.4.1056/avr8-gnu-toolchain/bin/../lib/gcc/avr/4.8.1/../../../../avr/lib/avr5\libm.a(divsf3.o)
                              matrix.o (__divsf3)
c:/program files (x86)/atmel/atmel toolchain/avr8 gcc/native/3.4.1056/avr8-gnu-toolchain/bin/../lib/gcc/avr/4.8.1/../../../../avr/lib/avr5\libm.a(divsf3x.o)
                              c:/program files (x86)/atmel/atmel toolchain/avr8 gcc/native/3.4.1056/avr8-gnu-toolchain/bin/../lib/gcc/avr/4.8.1/../../../../avr/lib/avr5\libm.a(divsf3.o) (__divsf3x)
c:/program files (x86)/atmel/atmel toolchain/avr8 gcc/native/3.4.1056/avr8-gnu-toolchain/bin/../lib/gcc/avr/4.8.1/../../../../avr/lib/avr5\libm.a(fixsfsi.o)
                              Robopuff.o (__fixsfsi)
c:/program files (x86)/atmel/atmel toolchain/avr8 gcc/native/3.4.1056/avr8-gnu-toolchain/bin/../lib/gcc/avr/4.8.1/../../../../avr/lib/avr5\libm.a(fixunssfsi.o)
                              c:/program files (x86)/atmel/atmel toolchain/avr8 gcc/native/3.4.1056/avr8-gnu-toolchain/bin/../lib/gcc/avr/4.8.1/../../../../avr/lib/avr5\libm.a(fixsfsi.o) (__fixunssfsi)
c:/program files (x86)/atmel/atmel toolchain/avr8 gcc/native/3.4.1056/avr8-gnu-toolchain/bin/../lib/gcc/avr/4.8.1/../../../../avr/lib/avr5\libm.a(floatsisf.o)
                              Robopuff.o (__floatunsisf)
c:/program files (x86)/atmel/atmel toolchain/avr8 gcc/native/3.4.1056/avr8-gnu-toolchain/bin/../lib/gcc/avr/4.8.1/../../../../avr/lib/avr5\libm.a(fp_cmp.o)
                              c:/program files (x86)/atmel/atmel toolchain/avr8 gcc/native/3.4.1056/avr8-gnu-toolchain/bin/../lib/gcc/avr/4.8.1/../../../../avr/lib/avr5\libm.a(cmpsf2.o) (__fp_cmp)
c:/program files (x86)/atmel/atmel toolchain/avr8 gcc/native/3.4.1056/avr8-gnu-toolchain/bin/../lib/gcc/avr/4.8.1/../../../../avr/lib/avr5\libm.a(fp_inf.o)
                              c:/program files (x86)/atmel/atmel toolchain/avr8 gcc/native/3.4.1056/avr8-gnu-toolchain/bin/../lib/gcc/avr/4.8.1/../../../../avr/lib/avr5\libm.a(addsf3x.o) (__fp_inf)
c:/program files (x86)/atmel/atmel toolchain/avr8 gcc/native/3.4.1056/avr8-gnu-toolchain/bin/../lib/gcc/avr/4.8.1/../../../../avr/lib/avr5\libm.a(fp_nan.o)
                              c:/program files (x86)/atmel/atmel toolchain/avr8 gcc/native/3.4.1056/avr8-gnu-toolchain/bin/../lib/gcc/avr/4.8.1/../../../../avr/lib/avr5\libm.a(addsf3x.o) (__fp_nan)
c:/program files (x86)/atmel/atmel toolchain/avr8 gcc/native/3.4.1056/avr8-gnu-toolchain/bin/../lib/gcc/avr/4.8.1/../../../../avr/lib/avr5\libm.a(fp_powser.o)
                              c:/program files (x86)/atmel/atmel toolchain/avr8 gcc/native/3.4.1056/avr8-gnu-toolchain/bin/../lib/gcc/avr/4.8.1/../../../../avr/lib/avr5\libm.a(atan.o) (__fp_powser)
c:/program files (x86)/atmel/atmel toolchain/avr8 gcc/native/3.4.1056/avr8-gnu-toolchain/bin/../lib/gcc/avr/4.8.1/../../../../avr/lib/avr5\libm.a(fp_pscA.o)
                              c:/program files (x86)/atmel/atmel toolchain/avr8 gcc/native/3.4.1056/avr8-gnu-toolchain/bin/../lib/gcc/avr/4.8.1/../../../../avr/lib/avr5\libm.a(addsf3x.o) (__fp_pscA)
c:/program files (x86)/atmel/atmel toolchain/avr8 gcc/native/3.4.1056/avr8-gnu-toolchain/bin/../lib/gcc/avr/4.8.1/../../../../avr/lib/avr5\libm.a(fp_pscB.o)
[...]
Memory Configuration

Name             Origin             Length             Attributes
text             0x00000000         0x00020000         xr
data             0x00800060         0x0000ffa0         rw !x
eeprom           0x00810000         0x00010000         rw !x
fuse             0x00820000         0x00000400         rw !x
lock             0x00830000         0x00000400         rw !x
signature        0x00840000         0x00000400         rw !x
user_signatures  0x00850000         0x00000400         rw !x
*default*        0x00000000         0xffffffff

Linker script and memory map

Address of section .data set to 0x800100
LOAD c:/program files (x86)/atmel/atmel toolchain/avr8 gcc/native/3.4.1056/avr8-gnu-toolchain/bin/../lib/gcc/avr/4.8.1/../../../../avr/lib/avr5/crtm32u4.o
LOAD math_util.o
LOAD matrix.o
LOAD m_bus.o
LOAD m_imu.o
LOAD m_rf.o
LOAD m_usb.o
LOAD m_wii.o
LOAD point.o
LOAD Robopuff.o
START GROUP
LOAD c:/program files (x86)/atmel/atmel toolchain/avr8 gcc/native/3.4.1056/avr8-gnu-toolchain/bin/../lib/gcc/avr/4.8.1/../../../../avr/lib/avr5\libm.a
END GROUP
START GROUP
LOAD c:/program files (x86)/atmel/atmel toolchain/avr8 gcc/native/3.4.1056/avr8-gnu-toolchain/bin/../lib/gcc/avr/4.8.1/avr5\libgcc.a
LOAD c:/program files (x86)/atmel/atmel toolchain/avr8 gcc/native/3.4.1056/avr8-gnu-toolchain/bin/../lib/gcc/avr/4.8.1/../../../../avr/lib/avr5\libm.a
LOAD c:/program files (x86)/atmel/atmel toolchain/avr8 gcc/native/3.4.1056/avr8-gnu-toolchain/bin/../lib/gcc/avr/4.8.1/../../../../avr/lib/avr5\libc.a
END GROUP

.hash
 *(.hash)

.dynsym
 *(.dynsym)

.dynstr
 *(.dynstr)

.gnu.version
 *(.gnu.version)

.gnu.version_d
 *(.gnu.version_d)

.gnu.version_r
 *(.gnu.version_r)

.rel.init
 *(.rel.init)

.rela.init
 *(.rela.init)

.rel.text
 *(.rel.text)
 *(.rel.text.*)
 *(.rel.gnu.linkonce.t*)

.rela.text
 *(.rela.text)
 *(.rela.text.*)
 *(.rela.gnu.linkonce.t*)

.rel.fini
 *(.rel.fini)

.rela.fini
 *(.rela.fini)

.rel.rodata
 *(.rel.rodata)
 *(.rel.rodata.*)
 *(.rel.gnu.linkonce.r*)

.rela.rodata
 *(.rela.rodata)
 *(.rela.rodata.*)
 *(.rela.gnu.linkonce.r*)

.rel.data
 *(.rel.data)
 *(.rel.data.*)
 *(.rel.gnu.linkonce.d*)

.rela.data
 *(.rela.data)
 *(.rela.data.*)
 *(.rela.gnu.linkonce.d*)

.rel.ctors
 *(.rel.ctors)

.rela.ctors
 *(.rela.ctors)

.rel.dtors
 *(.rel.dtors)

.rela.dtors
 *(.rela.dtors)

.rel.got
 *(.rel.got)

.rela.got
 *(.rela.got)

.rel.bss
 *(.rel.bss)

.rela.bss
 *(.rela.bss)

.rel.plt
 *(.rel.plt)

.rela.plt
 *(.rela.plt)

.text           0x00000000     0x2f2c
 *(.vectors)
 .vectors       0x00000000       0xac c:/program files (x86)/atmel/atmel toolchain/avr8 gcc/native/3.4.1056/avr8-gnu-toolchain/bin/../lib/gcc/avr/4.8.1/../../../../avr/lib/avr5/crtm32u4.o
                0x00000000                __vector_default
                0x00000000                __vectors
 *(.vectors)
 *(.progmem.gcc*)
 .progmem.gcc_fplib
                0x000000ac       0x2d c:/program files (x86)/atmel/atmel toolchain/avr8 gcc/native/3.4.1056/avr8-gnu-toolchain/bin/../lib/gcc/avr/4.8.1/../../../../avr/lib/avr5\libm.a(atan.o)
 .progmem.gcc_fplib
                0x000000d9       0x1e c:/program files (x86)/atmel/atmel toolchain/avr8 gcc/native/3.4.1056/avr8-gnu-toolchain/bin/../lib/gcc/avr/4.8.1/../../../../avr/lib/avr5\libm.a(fp_sinus.o)
                0x000000f8                . = ALIGN (0x2)
 *fill*         0x000000f7        0x1 
                0x000000f8                __trampolines_start = .
 *(.trampolines)
 .trampolines   0x000000f8        0x0 linker stubs
 *(.trampolines*)
                0x000000f8                __trampolines_end = .
 *(.progmem*)
 .progmem.data.descriptor_list
                0x000000f8       0x2a m_usb.o
 .progmem.data.string3
                0x00000122        0xa m_usb.o
 .progmem.data.string2
                0x0000012c        0x8 m_usb.o
 .progmem.data.string1
                0x00000134       0x14 m_usb.o
 .progmem.data.string0
                0x00000148        0x4 m_usb.o
 .progmem.data.config1_descriptor
                0x0000014c       0x43 m_usb.o
 .progmem.data.device_descriptor
                0x0000018f       0x12 m_usb.o
 .progmem.data.endpoint_config_table
                0x000001a1        0xa m_usb.o
 .progmem.data.__c.2359
                0x000001ab        0xe Robopuff.o
 .progmem.data.__c.2357
                0x000001b9        0xd Robopuff.o
 .progmem.data.__c.2355
                0x000001c6        0xd Robopuff.o
 .progmem.data.__c.2353
                0x000001d3        0x9 Robopuff.o
 .progmem.data.__c.2350
                0x000001dc        0x9 Robopuff.o
 .progmem.data.__c.2347
                0x000001e5        0xa Robopuff.o
 .progmem.data.__c.2344
                0x000001ef        0x6 Robopuff.o
 .progmem.data.__c.2342
                0x000001f5        0x8 Robopuff.o
 .progmem.data.__c.2340
                0x000001fd        0x9 Robopuff.o
 .progmem.data.__c.2337
                0x00000206        0x9 Robopuff.o
 .progmem.data.__c.2334
                0x0000020f        0x4 Robopuff.o
 .progmem.data.__c.2331
                0x00000213        0x4 Robopuff.o
 .progmem.data.__c.2328
                0x00000217        0xf Robopuff.o
 .progmem.data.__c.2325
                0x00000226        0x9 Robopuff.o
 .progmem.data.__c.2323
                0x0000022f        0x9 Robopuff.o
 .progmem.data.__c.2321
                0x00000238        0x9 Robopuff.o
 .progmem.data.__c.2319
                0x00000241        0x8 Robopuff.o
 .progmem.data.__c.2316
                0x00000249       0x1d Robopuff.o
 .progmem.data.__c.2314
                0x00000266        0xc Robopuff.o
 .progmem.data.__c.2311
                0x00000272        0xb Robopuff.o
 .progmem.data.__c.2309
                0x0000027d        0xb Robopuff.o
 .progmem.data.__c.2305
                0x00000288       0x12 Robopuff.o
 .progmem.data.__c.2303
                0x0000029a       0x27 Robopuff.o
 .progmem.data.__c.2300
                0x000002c1        0x2 Robopuff.o
 .progmem.data.__c.2298
                0x000002c3        0x2 Robopuff.o
 .progmem.data.__c.2296
                0x000002c5        0x9 Robopuff.o
 .progmem.data.__c.2294
                0x000002ce        0x2 Robopuff.o
 .progmem.data.__c.2292
                0x000002d0        0x9 Robopuff.o
 .progmem.data.__c.2290
                0x000002d9        0x2 Robopuff.o
 .progmem.data.__c.2288
                0x000002db        0x9 Robopuff.o
 .progmem.data.__c.2286
                0x000002e4        0x2 Robopuff.o
 .progmem.data.__c.2284
                0x000002e6        0x7 Robopuff.o
 .progmem.data.__c.2282
                0x000002ed        0x9 Robopuff.o
                0x000002f6                . = ALIGN (0x2)
 *(.jumptables)
 *(.jumptables*)
 *(.lowtext)
 *(.lowtext*)
                0x000002f6                __ctors_start = .
 *(.ctors)
                0x000002f6                __ctors_end = .
                0x000002f6                __dtors_start = .
 *(.dtors)
                0x000002f6                __dtors_end = .
 SORT(*)(.ctors)
 SORT(*)(.dtors)
 *(.init0)
 .init0         0x000002f6        0x0 c:/program files (x86)/atmel/atmel toolchain/avr8 gcc/native/3.4.1056/avr8-gnu-toolchain/bin/../lib/gcc/avr/4.8.1/../../../../avr/lib/avr5/crtm32u4.o
                0x000002f6                __init
 *(.init0)
 *(.init1)
 *(.init1)
 *(.init2)
 .init2         0x000002f6        0xc c:/program files (x86)/atmel/atmel toolchain/avr8 gcc/native/3.4.1056/avr8-gnu-toolchain/bin/../lib/gcc/avr/4.8.1/../../../../avr/lib/avr5/crtm32u4.o
 *(.init2)
 *(.init3)
 *(.init3)
 *(.init4)
 .init4         0x00000302       0x16 c:/program files (x86)/atmel/atmel toolchain/avr8 gcc/native/3.4.1056/avr8-gnu-toolchain/bin/../lib/gcc/avr/4.8.1/avr5\libgcc.a(_copy_data.o)
                0x00000302                __do_copy_data
 .init4         0x00000318       0x10 c:/program files (x86)/atmel/atmel toolchain/avr8 gcc/native/3.4.1056/avr8-gnu-toolchain/bin/../lib/gcc/avr/4.8.1/avr5\libgcc.a(_clear_bss.o)
                0x00000318                __do_clear_bss
 *(.init4)
 *(.init5)
 *(.init5)
 *(.init6)
 *(.init6)
 *(.init7)
 *(.init7)
 *(.init8)
 *(.init8)
 *(.init9)
 .init9         0x00000328        0x8 c:/program files (x86)/atmel/atmel toolchain/avr8 gcc/native/3.4.1056/avr8-gnu-toolchain/bin/../lib/gcc/avr/4.8.1/../../../../avr/lib/avr5/crtm32u4.o
 *(.init9)
 *(.text)
 .text          0x00000330        0x4 c:/program files (x86)/atmel/atmel toolchain/avr8 gcc/native/3.4.1056/avr8-gnu-toolchain/bin/../lib/gcc/avr/4.8.1/../../../../avr/lib/avr5/crtm32u4.o
                0x00000330                __vector_38
                0x00000330                __vector_22
                0x00000330                __vector_28
                0x00000330                __vector_1
                0x00000330                __vector_34
                0x00000330                __vector_24
                0x00000330                __vector_12
                0x00000330                __bad_interrupt
                0x00000330                __vector_6
                0x00000330                __vector_31
                0x00000330                __vector_35
                0x00000330                __vector_39
                0x00000330                __vector_3
                0x00000330                __vector_23
                0x00000330                __vector_30
                0x00000330                __vector_25
                0x00000330                __vector_13
                0x00000330                __vector_17
                0x00000330                __vector_19
                0x00000330                __vector_7
                0x00000330                __vector_41
                0x00000330                __vector_27
                0x00000330                __vector_5
                0x00000330                __vector_33
                0x00000330                __vector_37
                0x00000330                __vector_4
                0x00000330                __vector_9
                0x00000330                __vector_2
                0x00000330                __vector_21
                0x00000330                __vector_15
                0x00000330                __vector_36
                0x00000330                __vector_29
                0x00000330                __vector_40
                0x00000330                __vector_8
                0x00000330                __vector_26
                0x00000330                __vector_14
                0x00000330                __vector_16
                0x00000330                __vector_18
                0x00000330                __vector_20
                0x00000330                __vector_42
                0x00000334                . = ALIGN (0x2)
 *(.text.*)
 .text.Util_get_distance_matrix
                0x00000334      0x240 math_util.o
                0x00000334                Util_get_distance_matrix
 .text.Util_is_bad_star
                0x00000574       0x44 math_util.o
                0x00000574                Util_is_bad_star
 .text.Util_find_intersection
                0x000005b8       0x3e math_util.o
                0x000005b8                Util_find_intersection
 .text.Util_find_other_star
                0x000005f6       0x14 math_util.o
                0x000005f6                Util_find_other_star
 .text.Matrix_create
                0x0000060a       0x86 matrix.o
                0x0000060a                Matrix_create
 .text.Matrix_get
                0x00000690       0x38 matrix.o
                0x00000690                Matrix_get
 .text.Matrix_find_min
                0x000006c8      0x170 matrix.o
                0x000006c8                Matrix_find_min
 .text.Matrix_find_max
                0x00000838      0x170 matrix.o
                0x00000838                Matrix_find_max
 .text.Matrix_set
                0x000009a8       0x40 matrix.o
                0x000009a8                Matrix_set
 .text.Matrix_inverse_3_by_3_H
                0x000009e8      0x54e matrix.o
                0x000009e8                Matrix_inverse_3_by_3_H
 .text.m_bus_init
                0x00000f36       0x22 m_bus.o
                0x00000f36                m_bus_init
 .text.m_usb_init
                0x00000f58       0x32 m_usb.o
                0x00000f58                m_usb_init
 .text.m_usb_rx_available
                0x00000f8a       0x1e m_usb.o
                0x00000f8a                m_usb_rx_available
 .text.m_usb_tx_char
                0x00000fa8       0xb6 m_usb.o
                0x00000fa8                m_usb_tx_char
 .text.__vector_10
                0x0000105e       0x7c m_usb.o
                0x0000105e                __vector_10
 .text.__vector_11
                0x000010da      0x30a m_usb.o
                0x000010da                __vector_11
 .text.print_P  0x000013e4       0x34 m_usb.o
                0x000013e4                print_P
 .text.m_usb_tx_int
                0x00001418       0x68 m_usb.o
                0x00001418                m_usb_tx_int
 .text.m_usb_tx_long
                0x00001480       0x68 m_usb.o
                0x00001480                m_usb_tx_long
 .text.twi_wait
                0x000014e8       0x26 m_wii.o
                0x000014e8                twi_wait
 .text.send_byte
                0x0000150e       0x1a m_wii.o
                0x0000150e                send_byte
 .text.start_write
                0x00001528       0x2e m_wii.o
                0x00001528                start_write
 .text.m_wii_open
                0x00001556      0x212 m_wii.o
                0x00001556                m_wii_open
 .text.start_read
                0x00001768       0x30 m_wii.o
                0x00001768                start_read
 .text.m_wii_read
                0x00001798      0x13e m_wii.o
                0x00001798                m_wii_read
 .text.Point_create
                0x000018d6       0x44 point.o
                0x000018d6                Point_create
 .text.Point_add
                0x0000191a       0x5e point.o
                0x0000191a                Point_add
 .text.Point_sub
                0x00001978       0x5e point.o
                0x00001978                Point_sub
 .text.Point_product_scaler
                0x000019d6       0x5c point.o
                0x000019d6                Point_product_scaler
 .text.Point_get_midpoint
                0x00001a32       0x12 point.o
                0x00001a32                Point_get_midpoint
 .text.Point_get_distance_between
                0x00001a44       0x86 point.o
                0x00001a44                Point_get_distance_between
 .text.Point_get_x
                0x00001aca        0xc point.o
                0x00001aca                Point_get_x
 .text.Point_get_y
                0x00001ad6        0xc point.o
                0x00001ad6                Point_get_y
 .text.Point_set_x
                0x00001ae2        0xc point.o
                0x00001ae2                Point_set_x
 .text.Point_set_y
                0x00001aee        0xc point.o
                0x00001aee                Point_set_y
 .text.setPrescaler
                0x00001afa       0x9c Robopuff.o
                0x00001afa                setPrescaler
 .text.calculateOCR3A
                0x00001b96       0x26 Robopuff.o
                0x00001b96                calculateOCR3A
 .text.timer3_init
                0x00001bbc       0x66 Robopuff.o
                0x00001bbc                timer3_init
 .text.init     0x00001c22      0x168 Robopuff.o
                0x00001c22                init
 .text.__vector_32
                0x00001d8a       0x28 Robopuff.o
                0x00001d8a                __vector_32
 .text.read_mwii_data
                0x00001db2      0x10a Robopuff.o
                0x00001db2                read_mwii_data
 .text.localize_robot
                0x00001ebc      0x680 Robopuff.o
                0x00001ebc                localize_robot
 .text.main     0x0000253c       0x1e Robopuff.o
                0x0000253c                main
 .text.avr-libc.fplib
                0x0000255a        0xa c:/program files (x86)/atmel/atmel toolchain/avr8 gcc/native/3.4.1056/avr8-gnu-toolchain/bin/../lib/gcc/avr/4.8.1/../../../../avr/lib/avr5\libm.a(addsf3.o)
                0x0000255a                __subsf3
                0x0000255c                __addsf3
 .text.avr-libc.fplib
                0x00002564       0xc0 c:/program files (x86)/atmel/atmel toolchain/avr8 gcc/native/3.4.1056/avr8-gnu-toolchain/bin/../lib/gcc/avr/4.8.1/../../../../avr/lib/avr5\libm.a(addsf3x.o)
                0x0000257e                __addsf3x
 .text.avr-libc.fplib
                0x00002624       0x74 c:/program files (x86)/atmel/atmel toolchain/avr8 gcc/native/3.4.1056/avr8-gnu-toolchain/bin/../lib/gcc/avr/4.8.1/../../../../avr/lib/avr5\libm.a(atan2.o)
                0x00002642                atan2
 .text.avr-libc.fplib
                0x00002698       0x50 c:/program files (x86)/atmel/atmel toolchain/avr8 gcc/native/3.4.1056/avr8-gnu-toolchain/bin/../lib/gcc/avr/4.8.1/../../../../avr/lib/avr5\libm.a(atan.o)
                0x00002698                atan
 .text.avr-libc.fplib
                0x000026e8        0x8 c:/program files (x86)/atmel/atmel toolchain/avr8 gcc/native/3.4.1056/avr8-gnu-toolchain/bin/../lib/gcc/avr/4.8.1/../../../../avr/lib/avr5\libm.a(cmpsf2.o)
                0x000026e8                __nesf2
                0x000026e8                __eqsf2
                0x000026e8                __cmpsf2
                0x000026e8                __ltsf2
                0x000026e8                __lesf2
 .text.avr-libc.fplib
                0x000026f0        0x6 c:/program files (x86)/atmel/atmel toolchain/avr8 gcc/native/3.4.1056/avr8-gnu-toolchain/bin/../lib/gcc/avr/4.8.1/../../../../avr/lib/avr5\libm.a(cos.o)
                0x000026f0                cos
 .text.avr-libc.fplib
                0x000026f6        0x4 c:/program files (x86)/atmel/atmel toolchain/avr8 gcc/native/3.4.1056/avr8-gnu-toolchain/bin/../lib/gcc/avr/4.8.1/../../../../avr/lib/avr5\libm.a(divsf3.o)
                0x000026f6                __divsf3
 .text.avr-libc.fplib
                0x000026fa       0xcc c:/program files (x86)/atmel/atmel toolchain/avr8 gcc/native/3.4.1056/avr8-gnu-toolchain/bin/../lib/gcc/avr/4.8.1/../../../../avr/lib/avr5\libm.a(divsf3x.o)
                0x00002710                __divsf3x
                0x00002714                __divsf3_pse
 .text.avr-libc.fplib
                0x000027c6        0xa c:/program files (x86)/atmel/atmel toolchain/avr8 gcc/native/3.4.1056/avr8-gnu-toolchain/bin/../lib/gcc/avr/4.8.1/../../../../avr/lib/avr5\libm.a(fixsfsi.o)
                0x000027c6                __fixsfsi
 .text.avr-libc.fplib
                0x000027d0       0x58 c:/program files (x86)/atmel/atmel toolchain/avr8 gcc/native/3.4.1056/avr8-gnu-toolchain/bin/../lib/gcc/avr/4.8.1/../../../../avr/lib/avr5\libm.a(fixunssfsi.o)
                0x000027d0                __fixunssfsi
 .text.avr-libc.fplib
                0x00002828       0x7a c:/program files (x86)/atmel/atmel toolchain/avr8 gcc/native/3.4.1056/avr8-gnu-toolchain/bin/../lib/gcc/avr/4.8.1/../../../../avr/lib/avr5\libm.a(floatsisf.o)
                0x00002828                __floatunsisf
                0x0000282c                __floatsisf
 .text.avr-libc.fplib
                0x000028a2       0x48 c:/program files (x86)/atmel/atmel toolchain/avr8 gcc/native/3.4.1056/avr8-gnu-toolchain/bin/../lib/gcc/avr/4.8.1/../../../../avr/lib/avr5\libm.a(fp_cmp.o)
                0x000028a2                __fp_cmp
 .text.avr-libc.fplib
                0x000028ea        0xc c:/program files (x86)/atmel/atmel toolchain/avr8 gcc/native/3.4.1056/avr8-gnu-toolchain/bin/../lib/gcc/avr/4.8.1/../../../../avr/lib/avr5\libm.a(fp_inf.o)
                0x000028ea                __fp_inf
 .text.avr-libc.fplib
                0x000028f6        0x6 c:/program files (x86)/atmel/atmel toolchain/avr8 gcc/native/3.4.1056/avr8-gnu-toolchain/bin/../lib/gcc/avr/4.8.1/../../../../avr/lib/avr5\libm.a(fp_nan.o)
                0x000028f6                __fp_nan
 .text.avr-libc.fplib
                0x000028fc       0x4a c:/program files (x86)/atmel/atmel toolchain/avr8 gcc/native/3.4.1056/avr8-gnu-toolchain/bin/../lib/gcc/avr/4.8.1/../../../../avr/lib/avr5\libm.a(fp_powser.o)
                0x000028fc                __fp_powser
 .text.avr-libc.fplib
                0x00002946        0xe c:/program files (x86)/atmel/atmel toolchain/avr8 gcc/native/3.4.1056/avr8-gnu-toolchain/bin/../lib/gcc/avr/4.8.1/../../../../avr/lib/avr5\libm.a(fp_pscA.o)
                0x00002946                __fp_pscA
 .text.avr-libc.fplib
                0x00002954        0xe c:/program files (x86)/atmel/atmel toolchain/avr8 gcc/native/3.4.1056/avr8-gnu-toolchain/bin/../lib/gcc/avr/4.8.1/../../../../avr/lib/avr5\libm.a(fp_pscB.o)
                0x00002954                __fp_pscB
 .text.avr-libc.fplib
                0x00002962       0x50 c:/program files (x86)/atmel/atmel toolchain/avr8 gcc/native/3.4.1056/avr8-gnu-toolchain/bin/../lib/gcc/avr/4.8.1/../../../../avr/lib/avr5\libm.a(fp_rempio2.o)
                0x00002964                __fp_rempio2
 .text.avr-libc.fplib
                0x000029b2       0x22 c:/program files (x86)/atmel/atmel toolchain/avr8 gcc/native/3.4.1056/avr8-gnu-toolchain/bin/../lib/gcc/avr/4.8.1/../../../../avr/lib/avr5\libm.a(fp_round.o)
                0x000029b2                __fp_round
 .text.avr-libc.fplib
                0x000029d4       0x22 c:/program files (x86)/atmel/atmel toolchain/avr8 gcc/native/3.4.1056/avr8-gnu-toolchain/bin/../lib/gcc/avr/4.8.1/../../../../avr/lib/avr5\libm.a(fp_sinus.o)
                0x000029d4                __fp_sinus
 .text.avr-libc.fplib
                0x000029f6       0x44 c:/program files (x86)/atmel/atmel toolchain/avr8 gcc/native/3.4.1056/avr8-gnu-toolchain/bin/../lib/gcc/avr/4.8.1/../../../../avr/lib/avr5\libm.a(fp_split3.o)
                0x000029f6                __fp_split3
                0x00002a06                __fp_splitA
 .text.avr-libc.fplib
                0x00002a3a        0xe c:/program files (x86)/atmel/atmel toolchain/avr8 gcc/native/3.4.1056/avr8-gnu-toolchain/bin/../lib/gcc/avr/4.8.1/../../../../avr/lib/avr5\libm.a(fp_zero.o)
                0x00002a3a                __fp_zero
                0x00002a3c                __fp_szero
 .text.avr-libc.fplib
                0x00002a48        0x8 c:/program files (x86)/atmel/atmel toolchain/avr8 gcc/native/3.4.1056/avr8-gnu-toolchain/bin/../lib/gcc/avr/4.8.1/../../../../avr/lib/avr5\libm.a(gesf2.o)
                0x00002a48                __gesf2
                0x00002a48                __gtsf2
 .text.avr-libc.fplib
                0x00002a50        0xe c:/program files (x86)/atmel/atmel toolchain/avr8 gcc/native/3.4.1056/avr8-gnu-toolchain/bin/../lib/gcc/avr/4.8.1/../../../../avr/lib/avr5\libm.a(inverse.o)
                0x00002a50                inverse
 .text.avr-libc.fplib
                0x00002a5e        0x4 c:/program files (x86)/atmel/atmel toolchain/avr8 gcc/native/3.4.1056/avr8-gnu-toolchain/bin/../lib/gcc/avr/4.8.1/../../../../avr/lib/avr5\libm.a(mulsf3.o)
                0x00002a5e                __mulsf3
 .text.avr-libc.fplib
                0x00002a62       0xc2 c:/program files (x86)/atmel/atmel toolchain/avr8 gcc/native/3.4.1056/avr8-gnu-toolchain/bin/../lib/gcc/avr/4.8.1/../../../../avr/lib/avr5\libm.a(mulsf3x.o)
                0x00002a76                __mulsf3x
                0x00002a7a                __mulsf3_pse
 .text.avr-libc.fplib
                0x00002b24        0xc c:/program files (x86)/atmel/atmel toolchain/avr8 gcc/native/3.4.1056/avr8-gnu-toolchain/bin/../lib/gcc/avr/4.8.1/../../../../avr/lib/avr5\libm.a(sin.o)
                0x00002b24                sin
 .text.avr-libc.fplib
                0x00002b30       0x84 c:/program files (x86)/atmel/atmel toolchain/avr8 gcc/native/3.4.1056/avr8-gnu-toolchain/bin/../lib/gcc/avr/4.8.1/../../../../avr/lib/avr5\libm.a(sqrt.o)
                0x00002b38                sqrt
 .text.avr-libc.fplib
                0x00002bb4        0x6 c:/program files (x86)/atmel/atmel toolchain/avr8 gcc/native/3.4.1056/avr8-gnu-toolchain/bin/../lib/gcc/avr/4.8.1/../../../../avr/lib/avr5\libm.a(square.o)
                0x00002bb4                square
 .text.avr-libc.fplib
                0x00002bba        0x8 c:/program files (x86)/atmel/atmel toolchain/avr8 gcc/native/3.4.1056/avr8-gnu-toolchain/bin/../lib/gcc/avr/4.8.1/../../../../avr/lib/avr5\libm.a(unordsf2.o)
                0x00002bba                __unordsf2
 .text.avr-libc.fplib
                0x00002bc2       0x1c c:/program files (x86)/atmel/atmel toolchain/avr8 gcc/native/3.4.1056/avr8-gnu-toolchain/bin/../lib/gcc/avr/4.8.1/../../../../avr/lib/avr5\libm.a(fp_mpack.o)
                0x00002bc2                __fp_mpack
                0x00002bc6                __fp_mpack_finite
 .text.avr-libc.fplib
                0x00002bde        0xe c:/program files (x86)/atmel/atmel toolchain/avr8 gcc/native/3.4.1056/avr8-gnu-toolchain/bin/../lib/gcc/avr/4.8.1/../../../../avr/lib/avr5\libm.a(fp_norm2.o)
                0x00002bde                __fp_norm2
 .text.avr-libc.fplib
                0x00002bec       0x22 c:/program files (x86)/atmel/atmel toolchain/avr8 gcc/native/3.4.1056/avr8-gnu-toolchain/bin/../lib/gcc/avr/4.8.1/../../../../avr/lib/avr5\libm.a(fp_powsodd.o)
                0x00002bec                __fp_powsodd
 .text.avr-libc
                0x00002c0e      0x24e c:/program files (x86)/atmel/atmel toolchain/avr8 gcc/native/3.4.1056/avr8-gnu-toolchain/bin/../lib/gcc/avr/4.8.1/../../../../avr/lib/avr5\libc.a(malloc.o)
                0x00002c0e                malloc
                0x00002d3e                free
 .text.avr-libc
                0x00002e5c       0x16 c:/program files (x86)/atmel/atmel toolchain/avr8 gcc/native/3.4.1056/avr8-gnu-toolchain/bin/../lib/gcc/avr/4.8.1/../../../../avr/lib/avr5\libc.a(itoa_ncheck.o)
                0x00002e5c                __itoa_ncheck
 .text.avr-libc
                0x00002e72       0x1e c:/program files (x86)/atmel/atmel toolchain/avr8 gcc/native/3.4.1056/avr8-gnu-toolchain/bin/../lib/gcc/avr/4.8.1/../../../../avr/lib/avr5\libc.a(ltoa_ncheck.o)
                0x00002e72                __ltoa_ncheck
 .text.avr-libc
                0x00002e90       0x44 c:/program files (x86)/atmel/atmel toolchain/avr8 gcc/native/3.4.1056/avr8-gnu-toolchain/bin/../lib/gcc/avr/4.8.1/../../../../avr/lib/avr5\libc.a(ultoa_ncheck.o)
                0x00002e90                __ultoa_ncheck
                0x00002e92                __ultoa_common
 .text.avr-libc
                0x00002ed4       0x34 c:/program files (x86)/atmel/atmel toolchain/avr8 gcc/native/3.4.1056/avr8-gnu-toolchain/bin/../lib/gcc/avr/4.8.1/../../../../avr/lib/avr5\libc.a(utoa_ncheck.o)
                0x00002ed4                __utoa_ncheck
                0x00002ed6                __utoa_common
 .text.avr-libc
                0x00002f08       0x20 c:/program files (x86)/atmel/atmel toolchain/avr8 gcc/native/3.4.1056/avr8-gnu-toolchain/bin/../lib/gcc/avr/4.8.1/../../../../avr/lib/avr5\libc.a(strrev.o)
                0x00002f08                strrev
                0x00002f28                . = ALIGN (0x2)
 *(.fini9)
 .fini9         0x00002f28        0x0 c:/program files (x86)/atmel/atmel toolchain/avr8 gcc/native/3.4.1056/avr8-gnu-toolchain/bin/../lib/gcc/avr/4.8.1/avr5\libgcc.a(_exit.o)
                0x00002f28                _exit
                0x00002f28                exit
 *(.fini9)
 *(.fini8)
 *(.fini8)
 *(.fini7)
 *(.fini7)
 *(.fini6)
 *(.fini6)
 *(.fini5)
 *(.fini5)
 *(.fini4)
 *(.fini4)
 *(.fini3)
 *(.fini3)
 *(.fini2)
 *(.fini2)
 *(.fini1)
 *(.fini1)
 *(.fini0)
 .fini0         0x00002f28        0x4 c:/program files (x86)/atmel/atmel toolchain/avr8 gcc/native/3.4.1056/avr8-gnu-toolchain/bin/../lib/gcc/avr/4.8.1/avr5\libgcc.a(_exit.o)
 *(.fini0)
                0x00002f2c                _etext = .

.data           0x00800100       0x12 load address 0x00002f2c
                0x00800100                PROVIDE (__data_start, .)
 *(.data)
 .data          0x00800100        0x0 c:/program files (x86)/atmel/atmel toolchain/avr8 gcc/native/3.4.1056/avr8-gnu-toolchain/bin/../lib/gcc/avr/4.8.1/../../../../avr/lib/avr5/crtm32u4.o
 .data          0x00800100        0x0 math_util.o
 .data          0x00800100        0x0 matrix.o
 .data          0x00800100        0x0 m_bus.o
 .data          0x00800100        0x0 m_imu.o
 .data          0x00800100        0x0 m_rf.o
 .data          0x00800100        0x0 m_usb.o
 .data          0x00800100        0x0 m_wii.o
 .data          0x00800100        0x0 point.o
 .data          0x00800100        0x0 Robopuff.o
 .data          0x00800100        0x0 c:/program files (x86)/atmel/atmel toolchain/avr8 gcc/native/3.4.1056/avr8-gnu-toolchain/bin/../lib/gcc/avr/4.8.1/../../../../avr/lib/avr5\libm.a(addsf3.o)
 .data          0x00800100        0x0 c:/program files (x86)/atmel/atmel toolchain/avr8 gcc/native/3.4.1056/avr8-gnu-toolchain/bin/../lib/gcc/avr/4.8.1/../../../../avr/lib/avr5\libm.a(addsf3x.o)
 .data          0x00800100        0x0 c:/program files (x86)/atmel/atmel toolchain/avr8 gcc/native/3.4.1056/avr8-gnu-toolchain/bin/../lib/gcc/avr/4.8.1/../../../../avr/lib/avr5\libm.a(atan2.o)
 .data          0x00800100        0x0 c:/program files (x86)/atmel/atmel toolchain/avr8 gcc/native/3.4.1056/avr8-gnu-toolchain/bin/../lib/gcc/avr/4.8.1/../../../../avr/lib/avr5\libm.a(atan.o)
 .data          0x00800100        0x0 c:/program files (x86)/atmel/atmel toolchain/avr8 gcc/native/3.4.1056/avr8-gnu-toolchain/bin/../lib/gcc/avr/4.8.1/../../../../avr/lib/avr5\libm.a(cmpsf2.o)
 .data          0x00800100        0x0 c:/program files (x86)/atmel/atmel toolchain/avr8 gcc/native/3.4.1056/avr8-gnu-toolchain/bin/../lib/gcc/avr/4.8.1/../../../../avr/lib/avr5\libm.a(cos.o)
 .data          0x00800100        0x0 c:/program files (x86)/atmel/atmel toolchain/avr8 gcc/native/3.4.1056/avr8-gnu-toolchain/bin/../lib/gcc/avr/4.8.1/../../../../avr/lib/avr5\libm.a(divsf3.o)
 .data          0x00800100        0x0 c:/program files (x86)/atmel/atmel toolchain/avr8 gcc/native/3.4.1056/avr8-gnu-toolchain/bin/../lib/gcc/avr/4.8.1/../../../../avr/lib/avr5\libm.a(divsf3x.o)
 .data          0x00800100        0x0 c:/program files (x86)/atmel/atmel toolchain/avr8 gcc/native/3.4.1056/avr8-gnu-toolchain/bin/../lib/gcc/avr/4.8.1/../../../../avr/lib/avr5\libm.a(fixsfsi.o)
 .data          0x00800100        0x0 c:/program files (x86)/atmel/atmel toolchain/avr8 gcc/native/3.4.1056/avr8-gnu-toolchain/bin/../lib/gcc/avr/4.8.1/../../../../avr/lib/avr5\libm.a(fixunssfsi.o)
 .data          0x00800100        0x0 c:/program files (x86)/atmel/atmel toolchain/avr8 gcc/native/3.4.1056/avr8-gnu-toolchain/bin/../lib/gcc/avr/4.8.1/../../../../avr/lib/avr5\libm.a(floatsisf.o)
 .data          0x00800100        0x0 c:/program files (x86)/atmel/atmel toolchain/avr8 gcc/native/3.4.1056/avr8-gnu-toolchain/bin/../lib/gcc/avr/4.8.1/../../../../avr/lib/avr5\libm.a(fp_cmp.o)
 .data          0x00800100        0x0 c:/program files (x86)/atmel/atmel toolchain/avr8 gcc/native/3.4.1056/avr8-gnu-toolchain/bin/../lib/gcc/avr/4.8.1/../../../../avr/lib/avr5\libm.a(fp_inf.o)
 .data          0x00800100        0x0 c:/program files (x86)/atmel/atmel toolchain/avr8 gcc/native/3.4.1056/avr8-gnu-toolchain/bin/../lib/gcc/avr/4.8.1/../../../../avr/lib/avr5\libm.a(fp_nan.o)
 .data          0x00800100        0x0 c:/program files (x86)/atmel/atmel toolchain/avr8 gcc/native/3.4.1056/avr8-gnu-toolchain/bin/../lib/gcc/avr/4.8.1/../../../../avr/lib/avr5\libm.a(fp_powser.o)
 .data          0x00800100        0x0 c:/program files (x86)/atmel/atmel toolchain/avr8 gcc/native/3.4.1056/avr8-gnu-toolchain/bin/../lib/gcc/avr/4.8.1/../../../../avr/lib/avr5\libm.a(fp_pscA.o)
 .data          0x00800100        0x0 c:/program files (x86)/atmel/atmel toolchain/avr8 gcc/native/3.4.1056/avr8-gnu-toolchain/bin/../lib/gcc/avr/4.8.1/../../../../avr/lib/avr5\libm.a(fp_pscB.o)
 .data          0x00800100        0x0 c:/program files (x86)/atmel/atmel toolchain/avr8 gcc/native/3.4.1056/avr8-gnu-toolchain/bin/../lib/gcc/avr/4.8.1/../../../../avr/lib/avr5\libm.a(fp_rempio2.o)
 .data          0x00800100        0x0 c:/program files (x86)/atmel/atmel toolchain/avr8 gcc/native/3.4.1056/avr8-gnu-toolchain/bin/../lib/gcc/avr/4.8.1/../../../../avr/lib/avr5\libm.a(fp_round.o)
 .data          0x00800100        0x0 c:/program files (x86)/atmel/atmel toolchain/avr8 gcc/native/3.4.1056/avr8-gnu-toolchain/bin/../lib/gcc/avr/4.8.1/../../../../avr/lib/avr5\libm.a(fp_sinus.o)
 .data          0x00800100        0x0 c:/program files (x86)/atmel/atmel toolchain/avr8 gcc/native/3.4.1056/avr8-gnu-toolchain/bin/../lib/gcc/avr/4.8.1/../../../../avr/lib/avr5\libm.a(fp_split3.o)
 .data          0x00800100        0x0 c:/program files (x86)/atmel/atmel toolchain/avr8 gcc/native/3.4.1056/avr8-gnu-toolchain/bin/../lib/gcc/avr/4.8.1/../../../../avr/lib/avr5\libm.a(fp_zero.o)
 .data          0x00800100        0x0 c:/program files (x86)/atmel/atmel toolchain/avr8 gcc/native/3.4.1056/avr8-gnu-toolchain/bin/../lib/gcc/avr/4.8.1/../../../../avr/lib/avr5\libm.a(gesf2.o)
 .data          0x00800100        0x0 c:/program files (x86)/atmel/atmel toolchain/avr8 gcc/native/3.4.1056/avr8-gnu-toolchain/bin/../lib/gcc/avr/4.8.1/../../../../avr/lib/avr5\libm.a(inverse.o)
 .data          0x00800100        0x0 c:/program files (x86)/atmel/atmel toolchain/avr8 gcc/native/3.4.1056/avr8-gnu-toolchain/bin/../lib/gcc/avr/4.8.1/../../../../avr/lib/avr5\libm.a(mulsf3.o)
 .data          0x00800100        0x0 c:/program files (x86)/atmel/atmel toolchain/avr8 gcc/native/3.4.1056/avr8-gnu-toolchain/bin/../lib/gcc/avr/4.8.1/../../../../avr/lib/avr5\libm.a(mulsf3x.o)
 .data          0x00800100        0x0 c:/program files (x86)/atmel/atmel toolchain/avr8 gcc/native/3.4.1056/avr8-gnu-toolchain/bin/../lib/gcc/avr/4.8.1/../../../../avr/lib/avr5\libm.a(sin.o)
 .data          0x00800100        0x0 c:/program files (x86)/atmel/atmel toolchain/avr8 gcc/native/3.4.1056/avr8-gnu-toolchain/bin/../lib/gcc/avr/4.8.1/../../../../avr/lib/avr5\libm.a(sqrt.o)
 .data          0x00800100        0x0 c:/program files (x86)/atmel/atmel toolchain/avr8 gcc/native/3.4.1056/avr8-gnu-toolchain/bin/../lib/gcc/avr/4.8.1/../../../../avr/lib/avr5\libm.a(square.o)
 .data          0x00800100        0x0 c:/program files (x86)/atmel/atmel toolchain/avr8 gcc/native/3.4.1056/avr8-gnu-toolchain/bin/../lib/gcc/avr/4.8.1/../../../../avr/lib/avr5\libm.a(unordsf2.o)
 .data          0x00800100        0x0 c:/program files (x86)/atmel/atmel toolchain/avr8 gcc/native/3.4.1056/avr8-gnu-toolchain/bin/../lib/gcc/avr/4.8.1/../../../../avr/lib/avr5\libm.a(fp_mpack.o)
 .data          0x00800100        0x0 c:/program files (x86)/atmel/atmel toolchain/avr8 gcc/native/3.4.1056/avr8-gnu-toolchain/bin/../lib/gcc/avr/4.8.1/../../../../avr/lib/avr5\libm.a(fp_norm2.o)
 .data          0x00800100        0x0 c:/program files (x86)/atmel/atmel toolchain/avr8 gcc/native/3.4.1056/avr8-gnu-toolchain/bin/../lib/gcc/avr/4.8.1/../../../../avr/lib/avr5\libm.a(fp_powsodd.o)
 .data          0x00800100        0x0 c:/program files (x86)/atmel/atmel toolchain/avr8 gcc/native/3.4.1056/avr8-gnu-toolchain/bin/../lib/gcc/avr/4.8.1/avr5\libgcc.a(_exit.o)
 .data          0x00800100        0x0 c:/program files (x86)/atmel/atmel toolchain/avr8 gcc/native/3.4.1056/avr8-gnu-toolchain/bin/../lib/gcc/avr/4.8.1/avr5\libgcc.a(_tablejump.o)
 .data          0x00800100        0x0 c:/program files (x86)/atmel/atmel toolchain/avr8 gcc/native/3.4.1056/avr8-gnu-toolchain/bin/../lib/gcc/avr/4.8.1/avr5\libgcc.a(_copy_data.o)
 .data          0x00800100        0x0 c:/program files (x86)/atmel/atmel toolchain/avr8 gcc/native/3.4.1056/avr8-gnu-toolchain/bin/../lib/gcc/avr/4.8.1/avr5\libgcc.a(_clear_bss.o)
 .data          0x00800100        0x6 c:/program files (x86)/atmel/atmel toolchain/avr8 gcc/native/3.4.1056/avr8-gnu-toolchain/bin/../lib/gcc/avr/4.8.1/../../../../avr/lib/avr5\libc.a(malloc.o)
                0x00800100                __malloc_heap_end
                0x00800102                __malloc_heap_start
                0x00800104                __malloc_margin
 .data          0x00800106        0x0 c:/program files (x86)/atmel/atmel toolchain/avr8 gcc/native/3.4.1056/avr8-gnu-toolchain/bin/../lib/gcc/avr/4.8.1/../../../../avr/lib/avr5\libc.a(itoa_ncheck.o)
 .data          0x00800106        0x0 c:/program files (x86)/atmel/atmel toolchain/avr8 gcc/native/3.4.1056/avr8-gnu-toolchain/bin/../lib/gcc/avr/4.8.1/../../../../avr/lib/avr5\libc.a(ltoa_ncheck.o)
 .data          0x00800106        0x0 c:/program files (x86)/atmel/atmel toolchain/avr8 gcc/native/3.4.1056/avr8-gnu-toolchain/bin/../lib/gcc/avr/4.8.1/../../../../avr/lib/avr5\libc.a(ultoa_ncheck.o)
 .data          0x00800106        0x0 c:/program files (x86)/atmel/atmel toolchain/avr8 gcc/native/3.4.1056/avr8-gnu-toolchain/bin/../lib/gcc/avr/4.8.1/../../../../avr/lib/avr5\libc.a(utoa_ncheck.o)
 .data          0x00800106        0x0 c:/program files (x86)/atmel/atmel toolchain/avr8 gcc/native/3.4.1056/avr8-gnu-toolchain/bin/../lib/gcc/avr/4.8.1/../../../../avr/lib/avr5\libc.a(printf.o)
 .data          0x00800106        0x0 c:/program files (x86)/atmel/atmel toolchain/avr8 gcc/native/3.4.1056/avr8-gnu-toolchain/bin/../lib/gcc/avr/4.8.1/../../../../avr/lib/avr5\libc.a(putchar.o)
 .data          0x00800106        0x0 c:/program files (x86)/atmel/atmel toolchain/avr8 gcc/native/3.4.1056/avr8-gnu-toolchain/bin/../lib/gcc/avr/4.8.1/../../../../avr/lib/avr5\libc.a(vfprintf_std.o)
 .data          0x00800106        0x0 c:/program files (x86)/atmel/atmel toolchain/avr8 gcc/native/3.4.1056/avr8-gnu-toolchain/bin/../lib/gcc/avr/4.8.1/../../../../avr/lib/avr5\libc.a(strnlen_P.o)
 .data          0x00800106        0x0 c:/program files (x86)/atmel/atmel toolchain/avr8 gcc/native/3.4.1056/avr8-gnu-toolchain/bin/../lib/gcc/avr/4.8.1/../../../../avr/lib/avr5\libc.a(strnlen.o)
 .data          0x00800106        0x0 c:/program files (x86)/atmel/atmel toolchain/avr8 gcc/native/3.4.1056/avr8-gnu-toolchain/bin/../lib/gcc/avr/4.8.1/../../../../avr/lib/avr5\libc.a(strrev.o)
 .data          0x00800106        0x0 c:/program files (x86)/atmel/atmel toolchain/avr8 gcc/native/3.4.1056/avr8-gnu-toolchain/bin/../lib/gcc/avr/4.8.1/../../../../avr/lib/avr5\libc.a(fputc.o)
 .data          0x00800106        0x0 c:/program files (x86)/atmel/atmel toolchain/avr8 gcc/native/3.4.1056/avr8-gnu-toolchain/bin/../lib/gcc/avr/4.8.1/../../../../avr/lib/avr5\libc.a(iob.o)
 .data          0x00800106        0x0 c:/program files (x86)/atmel/atmel toolchain/avr8 gcc/native/3.4.1056/avr8-gnu-toolchain/bin/../lib/gcc/avr/4.8.1/../../../../avr/lib/avr5\libc.a(ultoa_invert.o)
 .data          0x00800106        0x0 c:/program files (x86)/atmel/atmel toolchain/avr8 gcc/native/3.4.1056/avr8-gnu-toolchain/bin/../lib/gcc/avr/4.8.1/avr5\libgcc.a(_prologue.o)
 .data          0x00800106        0x0 c:/program files (x86)/atmel/atmel toolchain/avr8 gcc/native/3.4.1056/avr8-gnu-toolchain/bin/../lib/gcc/avr/4.8.1/avr5\libgcc.a(_epilogue.o)
 *(.data*)
 .data.cdc_line_coding
                0x00800106        0x7 m_usb.o
 .data.timer_freq
                0x0080010d        0x4 Robopuff.o
                0x0080010d                timer_freq
 *(.rodata)
 *(.rodata*)
 *(.gnu.linkonce.d*)
                0x00800112                . = ALIGN (0x2)
 *fill*         0x00800111        0x1 
                0x00800112                _edata = .
                0x00800112                PROVIDE (__data_end, .)

.bss            0x00800112       0x70
                0x00800112                PROVIDE (__bss_start, .)
 *(.bss)
 *(.bss*)
 .bss.cdc_line_rtsdtr
                0x00800112        0x1 m_usb.o
 .bss.transmit_previous_timeout
                0x00800113        0x1 m_usb.o
 .bss.transmit_flush_timer
                0x00800114        0x1 m_usb.o
 .bss.usb_configuration
                0x00800115        0x1 m_usb.o
 .bss.localize_me
                0x00800116        0x2 Robopuff.o
                0x00800116                localize_me
 .bss.robo_thetas
                0x00800118        0x8 Robopuff.o
                0x00800118                robo_thetas
 .bss.robo_coordinates
                0x00800120       0x10 Robopuff.o
                0x00800120                robo_coordinates
 .bss.blobs     0x00800130       0x18 Robopuff.o
                0x00800130                blobs
 *(COMMON)
 COMMON         0x00800148       0x36 Robopuff.o
                0x00800148                H_robot_stars
                0x0080014a                sample_points
                0x0080016a                sample_point_origin
                0x0080016c                camera_origin
                0x0080016e                origin_offset
                0x00800170                sp1
                0x00800172                sp2
                0x00800174                distance_matrix
                0x00800176                vect_south_star_to_origin
                0x00800178                sp3
                0x0080017a                H_stars_robot
                0x0080017c                sp0
 COMMON         0x0080017e        0x4 c:/program files (x86)/atmel/atmel toolchain/avr8 gcc/native/3.4.1056/avr8-gnu-toolchain/bin/../lib/gcc/avr/4.8.1/../../../../avr/lib/avr5\libc.a(malloc.o)
                0x0080017e                __brkval
                0x00800180                __flp
                0x00800182                PROVIDE (__bss_end, .)
                0x00002f2c                __data_load_start = LOADADDR (.data)
                0x00002f3e                __data_load_end = (__data_load_start + SIZEOF (.data))

.noinit         0x00800182        0x0
                0x00800182                PROVIDE (__noinit_start, .)
 *(.noinit*)
                0x00800182                PROVIDE (__noinit_end, .)
                0x00800182                _end = .
                0x00800182                PROVIDE (__heap_start, .)

.eeprom         0x00810000        0x0
 *(.eeprom*)
                0x00810000                __eeprom_end = .

.fuse
 *(.fuse)
 *(.lfuse)
 *(.hfuse)
 *(.efuse)

.lock
 *(.lock*)

.signature
 *(.signature*)

.user_signatures
 *(.user_signatures*)

.stab
 *(.stab)

.stabstr
 *(.stabstr)

.stab.excl
 *(.stab.excl)

.stab.exclstr
 *(.stab.exclstr)

.stab.index
 *(.stab.index)

.stab.indexstr
 *(.stab.indexstr)

.comment        0x00000000       0x5c
 *(.comment)
 .comment       0x00000000       0x30 math_util.o
                                 0x31 (size before relaxing)
 .comment       0x00000000       0x31 matrix.o
 .comment       0x00000000       0x31 m_bus.o
 .comment       0x00000000       0x31 m_imu.o
 .comment       0x00000000       0x31 m_rf.o
 .comment       0x00000000       0x31 m_usb.o
 .comment       0x00000000       0x31 m_wii.o
 .comment       0x00000000       0x31 point.o
 .comment       0x00000000       0x31 Robopuff.o
 .comment       0x00000000       0x31 c:/program files (x86)/atmel/atmel toolchain/avr8 gcc/native/3.4.1056/avr8-gnu-toolchain/bin/../lib/gcc/avr/4.8.1/../../../../avr/lib/avr5\libc.a(malloc.o)
 .comment       0x00000000       0x31 c:/program files (x86)/atmel/atmel toolchain/avr8 gcc/native/3.4.1056/avr8-gnu-toolchain/bin/../lib/gcc/avr/4.8.1/../../../../avr/lib/avr5\libc.a(printf.o)
 .comment       0x00000000       0x31 c:/program files (x86)/atmel/atmel toolchain/avr8 gcc/native/3.4.1056/avr8-gnu-toolchain/bin/../lib/gcc/avr/4.8.1/../../../../avr/lib/avr5\libc.a(putchar.o)
 .comment       0x00000030       0x2c c:/program files (x86)/atmel/atmel toolchain/avr8 gcc/native/3.4.1056/avr8-gnu-toolchain/bin/../lib/gcc/avr/4.8.1/../../../../avr/lib/avr5\libc.a(vfprintf_std.o)
                                 0x2d (size before relaxing)
 .comment       0x00000000       0x31 c:/program files (x86)/atmel/atmel toolchain/avr8 gcc/native/3.4.1056/avr8-gnu-toolchain/bin/../lib/gcc/avr/4.8.1/../../../../avr/lib/avr5\libc.a(fputc.o)
 .comment       0x00000000       0x31 c:/program files (x86)/atmel/atmel toolchain/avr8 gcc/native/3.4.1056/avr8-gnu-toolchain/bin/../lib/gcc/avr/4.8.1/../../../../avr/lib/avr5\libc.a(iob.o)

.note.gnu.build-id
 *(.note.gnu.build-id)

.debug
 *(.debug)

.line
 *(.line)

.debug_srcinfo
 *(.debug_srcinfo)

.debug_sfnames
 *(.debug_sfnames)

.debug_aranges  0x00000000      0x368
 *(.debug_aranges)
 .debug_aranges
                0x00000000       0x38 math_util.o
 .debug_aranges
                0x00000038       0x58 matrix.o
 .debug_aranges
                0x00000090       0x58 m_bus.o
 .debug_aranges
                0x000000e8       0x40 m_imu.o
 .debug_aranges
                0x00000128       0x30 m_rf.o
 .debug_aranges
                0x00000158       0xe0 m_usb.o
 .debug_aranges
                0x00000238       0x50 m_wii.o
 .debug_aranges
                0x00000288       0x70 point.o
 .debug_aranges
                0x000002f8       0x70 Robopuff.o

.debug_pubnames
 *(.debug_pubnames)

.debug_info     0x00000000     0x4a64
 *(.debug_info .gnu.linkonce.wi.*)
 .debug_info    0x00000000      0x7f5 math_util.o
 .debug_info    0x000007f5      0x881 matrix.o
 .debug_info    0x00001076      0x2fa m_bus.o
 .debug_info    0x00001370      0x4c8 m_imu.o
 .debug_info    0x00001838      0x18e m_rf.o
 .debug_info    0x000019c6      0xf8e m_usb.o
 .debug_info    0x00002954      0x6f8 m_wii.o
 .debug_info    0x0000304c      0x50c point.o
 .debug_info    0x00003558     0x150c Robopuff.o

.debug_abbrev   0x00000000     0x1042
 *(.debug_abbrev)
 .debug_abbrev  0x00000000      0x181 math_util.o
 .debug_abbrev  0x00000181      0x1e2 matrix.o
 .debug_abbrev  0x00000363      0x149 m_bus.o
 .debug_abbrev  0x000004ac      0x174 m_imu.o
 .debug_abbrev  0x00000620       0xb6 m_rf.o
 .debug_abbrev  0x000006d6      0x2bd m_usb.o
 .debug_abbrev  0x00000993      0x1a0 m_wii.o
 .debug_abbrev  0x00000b33      0x208 point.o
 .debug_abbrev  0x00000d3b      0x307 Robopuff.o

.debug_line     0x00000000     0x1525
 *(.debug_line .debug_line.* .debug_line_end)
 .debug_line    0x00000000       0xc4 math_util.o
 .debug_line    0x000000c4      0x29b matrix.o
 .debug_line    0x0000035f      0x176 m_bus.o
 .debug_line    0x000004d5      0x1ce m_imu.o
 .debug_line    0x000006a3      0x19a m_rf.o
 .debug_line    0x0000083d      0x5bb m_usb.o
 .debug_line    0x00000df8      0x288 m_wii.o
 .debug_line    0x00001080      0x20d point.o
 .debug_line    0x0000128d      0x298 Robopuff.o

.debug_frame    0x00000000      0xcc8
 *(.debug_frame)
 .debug_frame   0x00000000       0xc0 math_util.o
 .debug_frame   0x000000c0      0x2a4 matrix.o
 .debug_frame   0x00000364       0xb8 m_bus.o
 .debug_frame   0x0000041c      0x120 m_imu.o
 .debug_frame   0x0000053c       0x70 m_rf.o
 .debug_frame   0x000005ac      0x334 m_usb.o
 .debug_frame   0x000008e0       0xb8 m_wii.o
 .debug_frame   0x00000998      0x1e0 point.o
 .debug_frame   0x00000b78      0x150 Robopuff.o

.debug_str      0x00000000      0xb50
 *(.debug_str)
 .debug_str     0x00000000      0x208 math_util.o
                                0x253 (size before relaxing)
 .debug_str     0x00000208       0xe5 matrix.o
                                0x25e (size before relaxing)
 .debug_str     0x000002ed       0x92 m_bus.o
                                0x1e5 (size before relaxing)
 .debug_str     0x0000037f       0xb7 m_imu.o
                                0x220 (size before relaxing)
 .debug_str     0x00000436       0x5a m_rf.o
                                0x1af (size before relaxing)
 .debug_str     0x00000490      0x3f0 m_usb.o
                                0x585 (size before relaxing)
 .debug_str     0x00000880       0x61 m_wii.o
                                0x226 (size before relaxing)
 .debug_str     0x000008e1       0x83 point.o
                                0x240 (size before relaxing)
 .debug_str     0x00000964      0x1ec Robopuff.o
                                0x523 (size before relaxing)

.debug_loc      0x00000000     0x4960
 *(.debug_loc)
 .debug_loc     0x00000000      0x34d math_util.o
 .debug_loc     0x0000034d     0x12b1 matrix.o
 .debug_loc     0x000015fe      0x23b m_bus.o
 .debug_loc     0x00001839      0x599 m_imu.o
 .debug_loc     0x00001dd2      0x294 m_rf.o
 .debug_loc     0x00002066     0x1981 m_usb.o
 .debug_loc     0x000039e7      0x4c2 m_wii.o
 .debug_loc     0x00003ea9      0x6a1 point.o
 .debug_loc     0x0000454a      0x416 Robopuff.o

.debug_macinfo
 *(.debug_macinfo)

.debug_weaknames
 *(.debug_weaknames)

.debug_funcnames
 *(.debug_funcnames)

.debug_typenames
 *(.debug_typenames)

.debug_varnames
 *(.debug_varnames)

.debug_pubtypes
 *(.debug_pubtypes)

.debug_ranges   0x00000000      0x310
 *(.debug_ranges)
 .debug_ranges  0x00000000       0x28 math_util.o
 .debug_ranges  0x00000028       0x48 matrix.o
 .debug_ranges  0x00000070       0x48 m_bus.o
 .debug_ranges  0x000000b8       0x30 m_imu.o
 .debug_ranges  0x000000e8       0x20 m_rf.o
 .debug_ranges  0x00000108      0x108 m_usb.o
 .debug_ranges  0x00000210       0x40 m_wii.o
 .debug_ranges  0x00000250       0x60 point.o
 .debug_ranges  0x000002b0       0x60 Robopuff.o

.debug_macro
 *(.debug_macro)
OUTPUT(Robopuff.elf elf32-avr)
LOAD linker stubs
